<!doctype html><html><body><div>second</div></body></html>