<!doctype html><html><body><div>first</div></body></html>