<!doctype html><html><head><title>Test file 2</title></head><body>Hello world</body></html>